luna-l2: initializing component with path /usr/local/lib/l2/video/g1x.so
SIZE: 128
Mask: 1
Both: 0
0x0 = 0x0 (0, 0)
Mask: 2
Both: 0
0x1 = 0x0 (0, 1)
Mask: 4
Both: 4
0x2 = 0xff (0, 2)
Mask: 8
Both: 8
0x3 = 0xff (0, 3)
Mask: 16
Both: 0
0x4 = 0x0 (0, 4)
Mask: 32
Both: 0
0x5 = 0x0 (0, 5)
Mask: 64
Both: 0
0x6 = 0x0 (0, 6)
Mask: 128
Both: 0
0x7 = 0x0 (0, 7)
Mask: 1
Both: 0
0x140 = 0x0 (320, 0)
Mask: 2
Both: 2
0x141 = 0xff (320, 1)
Mask: 4
Both: 4
0x142 = 0xff (320, 2)
Mask: 8
Both: 8
0x143 = 0xff (320, 3)
Mask: 16
Both: 16
0x144 = 0xff (320, 4)
Mask: 32
Both: 0
0x145 = 0x0 (320, 5)
Mask: 64
Both: 0
0x146 = 0x0 (320, 6)
Mask: 128
Both: 0
0x147 = 0x0 (320, 7)
Mask: 1
Both: 1
0x280 = 0xff (640, 0)
Mask: 2
Both: 2
0x281 = 0xff (640, 1)
Mask: 4
Both: 0
0x282 = 0x0 (640, 2)
Mask: 8
Both: 0
0x283 = 0x0 (640, 3)
Mask: 16
Both: 16
0x284 = 0xff (640, 4)
Mask: 32
Both: 32
0x285 = 0xff (640, 5)
Mask: 64
Both: 0
0x286 = 0x0 (640, 6)
Mask: 128
Both: 0
0x287 = 0x0 (640, 7)
Mask: 1
Both: 1
0x3c0 = 0xff (960, 0)
Mask: 2
Both: 2
0x3c1 = 0xff (960, 1)
Mask: 4
Both: 0
0x3c2 = 0x0 (960, 2)
Mask: 8
Both: 0
0x3c3 = 0x0 (960, 3)
Mask: 16
Both: 16
0x3c4 = 0xff (960, 4)
Mask: 32
Both: 32
0x3c5 = 0xff (960, 5)
Mask: 64
Both: 0
0x3c6 = 0x0 (960, 6)
Mask: 128
Both: 0
0x3c7 = 0x0 (960, 7)
Mask: 1
Both: 1
0x500 = 0xff (1280, 0)
Mask: 2
Both: 2
0x501 = 0xff (1280, 1)
Mask: 4
Both: 4
0x502 = 0xff (1280, 2)
Mask: 8
Both: 8
0x503 = 0xff (1280, 3)
Mask: 16
Both: 16
0x504 = 0xff (1280, 4)
Mask: 32
Both: 32
0x505 = 0xff (1280, 5)
Mask: 64
Both: 0
0x506 = 0x0 (1280, 6)
Mask: 128
Both: 0
0x507 = 0x0 (1280, 7)
Mask: 1
Both: 1
0x640 = 0xff (1600, 0)
Mask: 2
Both: 2
0x641 = 0xff (1600, 1)
Mask: 4
Both: 0
0x642 = 0x0 (1600, 2)
Mask: 8
Both: 0
0x643 = 0x0 (1600, 3)
Mask: 16
Both: 16
0x644 = 0xff (1600, 4)
Mask: 32
Both: 32
0x645 = 0xff (1600, 5)
Mask: 64
Both: 0
0x646 = 0x0 (1600, 6)
Mask: 128
Both: 0
0x647 = 0x0 (1600, 7)
Mask: 1
Both: 1
0x780 = 0xff (1920, 0)
Mask: 2
Both: 2
0x781 = 0xff (1920, 1)
Mask: 4
Both: 0
0x782 = 0x0 (1920, 2)
Mask: 8
Both: 0
0x783 = 0x0 (1920, 3)
Mask: 16
Both: 16
0x784 = 0xff (1920, 4)
Mask: 32
Both: 32
0x785 = 0xff (1920, 5)
Mask: 64
Both: 0
0x786 = 0x0 (1920, 6)
Mask: 128
Both: 0
0x787 = 0x0 (1920, 7)
Mask: 1
Both: 0
0x8c0 = 0x0 (2240, 0)
Mask: 2
Both: 0
0x8c1 = 0x0 (2240, 1)
Mask: 4
Both: 0
0x8c2 = 0x0 (2240, 2)
Mask: 8
Both: 0
0x8c3 = 0x0 (2240, 3)
Mask: 16
Both: 0
0x8c4 = 0x0 (2240, 4)
Mask: 32
Both: 0
0x8c5 = 0x0 (2240, 5)
Mask: 64
Both: 0
0x8c6 = 0x0 (2240, 6)
Mask: 128
Both: 0
0x8c7 = 0x0 (2240, 7)
