luna-l2: initializing component with path /usr/local/lib/l2/audio/s1.so
luna-l2: initializing component with path /usr/local/lib/l2/video/g1x.so
0x00001ac3: mov E11, PC
0x00001aca: mov R0, 0x00000018
0x00001ace: add E11, E11, R0
0x00001ad1: push E11
0x00001ad1: jmp 0x00001990
0x00001990: value: 0x00001ad7
0x00001992: pop E11
0x00001995: push FP
0x00001998: push E11
0x0000199f: mov R1, 0x00000005
0x000019a3: mov R4, R1
0x000019a3: mov R7, FP - 0x00000000
0x000019af: str16 R7, R4
0x000019b6: mov R1, 0x00001944
0x000019b9: value: 0x00000000
0x000019b9: lod16 R1, R2
0x000019bd: mov R4, R2
0x000019bd: mov R7, FP - 0x00000002
0x000019c9: str16 R7, R4
0x000019c9: mov R1, FP - 0x00000000
0x000019d5: value: 0x00000005
0x000019d5: lod16 R1, R2
0x000019d9: mov R7, R2
0x000019dc: push R7
0x000019e3: mov R1, 0x00000001
0x000019e7: mov R7, R1
0x000019ea: push R7
0x000019ee: mov E11, PC
0x000019f5: mov R0, 0x00000018
0x000019f9: add E11, E11, R0
0x000019fc: push E11
0x000019fc: jmp 0x00000d08
0x00000d08: value: 0x00001a02
0x00000d0a: pop E11
0x00000d0a: value: 0x00000001
0x00000d0c: pop E1
0x00000d0c: value: 0x00000005
0x00000d0e: pop E0
0x00000d11: push FP
0x00000d14: push E11
0x00000d1b: mov R1, 0x00000b64
0x00000d1e: str32 R1, E0
0x00000d25: mov R1, 0x00000b68
0x00000d2f: mov R1, 0x00000b6c
0x00000d32: value: 0x00000b69
0x00000d32: lod32 R1, R2
0x00000d36: mov R7, R2
0x00000d39: push R7
0x00000d40: mov R1, 0x000000ff
0x00000d44: mov R7, R1
0x00000d47: push R7
0x00000d4e: mov R1, 0x00000000
0x00000d52: mov R7, R1
0x00000d55: push R7
0x00000d59: mov E11, PC
0x00000d60: mov R0, 0x00000018
0x00000d64: add E11, E11, R0
0x00000d67: push E11
0x00000d67: jmp 0x00002cdc
0x00002cdc: value: 0x00000d6d
0x00002cde: pop E11
0x00002cde: value: 0x00000000
0x00002ce0: pop R3
0x00002ce0: value: 0x000000ff
0x00002ce2: pop R2
0x00002ce2: value: 0x00000b69
0x00002ce4: pop R4
0x00002ceb: mov R5, 0x00000000
0x00002cef: mov E10, PC
0x00002cf0: nop
0x00002cf3: lod R4, R1 (0x30)
0x00002cf8: int 0x00000001
0x00002cfa: inc R4
0x00002cfa: cmp R6, R5, R1
0x00002cfe: jz R6, E10
0x00002cef: mov E10, PC
0x00002cf0: nop
0x00002cf3: lod R4, R1 (0x78)
0x00002cf8: int 0x00000001
0x00002cfa: inc R4
0x00002cfa: cmp R6, R5, R1
0x00002cfe: jz R6, E10
0x00002cef: mov E10, PC
0x00002cf0: nop
0x00002cf3: lod R4, R1 (0x00)
0x00002cf8: int 0x00000001
0x00002cfa: inc R4
0x00002cfa: cmp R6, R5, R1
0x00002cfe: jz R6, E10
0x00002d04: dec R4
0x00002d08: mov E6, R4
0x00002d08: jmp E11
0x00000d71: mov R4, E6
0x00000d78: mov R1, 0x00000b64
0x00000d7b: value: 0x00000005
0x00000d7b: lod32 R1, R2
0x00000d7f: mov R7, R2
0x00000d82: push R7
0x00000d89: mov R1, 0x00000b68
0x00000d8c: lod R1, R2 (0x01)
0x00000d90: mov R7, R2
0x00000d93: push R7
0x00000d9a: mov R1, 0x0000000b
0x00000d9e: mov R7, R1
0x00000da1: push R7
0x00000da5: mov E11, PC
0x00000dac: mov R0, 0x00000018
0x00000db0: add E11, E11, R0
0x00000db3: push E11
0x00000db3: jmp 0x00003189
0x00003189: value: 0x00000db9
0x0000318b: pop E11
0x0000318b: value: 0x0000000b
0x0000318d: pop R1
0x00003194: mov R2, 0x000031e7
0x00003197: value: 0x50505050
0x00003197: lod32 R2, R3
0x0000319b: mov E6, R3
0x0000319f: sub R3, R3, R1
0x000031a2: str32 R2, R3
0x000031a2: jmp E11
0x00000dbd: mov R7, E6
0x00000dc0: push R7
0x00000dc4: mov E11, PC
0x00000dcb: mov R0, 0x00000018
0x00000dcf: add E11, E11, R0
0x00000dd2: push E11
0x00000dd2: jmp 0x0000310f
0x0000310f: value: 0x00000dd8
0x00003111: pop E11
0x00003111: value: 0x50505050
0x00003113: pop R12
0x00003113: value: 0x00000001
0x00003115: pop R2
0x00003115: value: 0x00000005
0x00003117: pop R1
0x0000311b: mov E12, R12
0x0000311b: jnz R2, 0x00003128
0x0000312f: mov R3, 0x000031bd
0x0000312f: jmp 0x0000313c
0x00003143: mov R4, 0x0000001c
0x0000314a: mov R5, 0x0000000f
0x00003151: mov R6, 0x00000000
0x00003158: mov R8, 0x00000008
0x0000315c: mov E10, PC
0x00003164: and R7, R7, R5
0x00003168: add E7, R3, R7
0x0000316b: lod E7, E8 (0x30)
0x00003170: inc R6
0x00003172: inc R12
0x00003174: dec R4
0x00003176: dec R4
0x00003178: dec R4
0x0000317a: dec R4
0x0000317a: cmp R9, R6, R8
0x0000317e: jz R9, E10
0x0000315c: mov E10, PC
0x00003164: and R7, R7, R5
0x00003168: add E7, R3, R7
0x0000316b: lod E7, E8 (0x30)
0x00003170: inc R6
0x00003172: inc R12
0x00003174: dec R4
0x00003176: dec R4
0x00003178: dec R4
0x0000317a: dec R4
0x0000317a: cmp R9, R6, R8
0x0000317e: jz R9, E10
0x0000315c: mov E10, PC
0x00003164: and R7, R7, R5
0x00003168: add E7, R3, R7
0x0000316b: lod E7, E8 (0x30)
0x00003170: inc R6
0x00003172: inc R12
0x00003174: dec R4
0x00003176: dec R4
0x00003178: dec R4
0x0000317a: dec R4
0x0000317a: cmp R9, R6, R8
0x0000317e: jz R9, E10
0x0000315c: mov E10, PC
0x00003164: and R7, R7, R5
0x00003168: add E7, R3, R7
0x0000316b: lod E7, E8 (0x30)
0x00003170: inc R6
0x00003172: inc R12
0x00003174: dec R4
0x00003176: dec R4
0x00003178: dec R4
0x0000317a: dec R4
0x0000317a: cmp R9, R6, R8
0x0000317e: jz R9, E10
0x0000315c: mov E10, PC
0x00003164: and R7, R7, R5
0x00003168: add E7, R3, R7
0x0000316b: lod E7, E8 (0x30)
0x00003170: inc R6
0x00003172: inc R12
0x00003174: dec R4
0x00003176: dec R4
0x00003178: dec R4
0x0000317a: dec R4
0x0000317a: cmp R9, R6, R8
0x0000317e: jz R9, E10
0x0000315c: mov E10, PC
0x00003164: and R7, R7, R5
0x00003168: add E7, R3, R7
0x0000316b: lod E7, E8 (0x30)
0x00003170: inc R6
0x00003172: inc R12
0x00003174: dec R4
0x00003176: dec R4
0x00003178: dec R4
0x0000317a: dec R4
0x0000317a: cmp R9, R6, R8
0x0000317e: jz R9, E10
0x0000315c: mov E10, PC
0x00003164: and R7, R7, R5
0x00003168: add E7, R3, R7
0x0000316b: lod E7, E8 (0x30)
0x00003170: inc R6
0x00003172: inc R12
0x00003174: dec R4
0x00003176: dec R4
0x00003178: dec R4
0x0000317a: dec R4
0x0000317a: cmp R9, R6, R8
0x0000317e: jz R9, E10
0x0000315c: mov E10, PC
0x00003164: and R7, R7, R5
0x00003168: add E7, R3, R7
0x0000316b: lod E7, E8 (0x35)
0x00003170: inc R6
0x00003172: inc R12
0x00003174: dec R4
0x00003176: dec R4
0x00003178: dec R4
0x0000317a: dec R4
0x0000317a: cmp R9, R6, R8
0x0000317e: jz R9, E10
0x00003186: mov E6, E12
0x00003186: jmp E11
0x00000ddc: mov R7, E6
0x00000ddf: push R7
0x00000de6: mov R1, 0x000000ff
0x00000dea: mov R7, R1
0x00000ded: push R7
0x00000df4: mov R1, 0x00000000
0x00000df8: mov R7, R1
0x00000dfb: push R7
0x00000dff: mov E11, PC
0x00000e06: mov R0, 0x00000018
0x00000e0a: add E11, E11, R0
0x00000e0d: push E11
0x00000e0d: jmp 0x00002cdc
0x00002cdc: value: 0x00000e13
0x00002cde: pop E11
0x00002cde: value: 0x00000000
0x00002ce0: pop R3
0x00002ce0: value: 0x000000ff
0x00002ce2: pop R2
0x00002ce2: value: 0x50505050
0x00002ce4: pop R4
0x00002ceb: mov R5, 0x00000000
0x00002cef: mov E10, PC
0x00002cf0: nop
0x00002cf3: lod R4, R1 (0x30)
0x00002cf8: int 0x00000001
0x00002cfa: inc R4
0x00002cfa: cmp R6, R5, R1
0x00002cfe: jz R6, E10
0x00002cef: mov E10, PC
0x00002cf0: nop
0x00002cf3: lod R4, R1 (0x30)
0x00002cf8: int 0x00000001
0x00002cfa: inc R4
0x00002cfa: cmp R6, R5, R1
0x00002cfe: jz R6, E10
0x00002cef: mov E10, PC
0x00002cf0: nop
0x00002cf3: lod R4, R1 (0x30)
0x00002cf8: int 0x00000001
0x00002cfa: inc R4
0x00002cfa: cmp R6, R5, R1
0x00002cfe: jz R6, E10
0x00002cef: mov E10, PC
0x00002cf0: nop
0x00002cf3: lod R4, R1 (0x30)
0x00002cf8: int 0x00000001
0x00002cfa: inc R4
0x00002cfa: cmp R6, R5, R1
0x00002cfe: jz R6, E10
0x00002cef: mov E10, PC
0x00002cf0: nop
0x00002cf3: lod R4, R1 (0x30)
0x00002cf8: int 0x00000001
0x00002cfa: inc R4
0x00002cfa: cmp R6, R5, R1
0x00002cfe: jz R6, E10
0x00002cef: mov E10, PC
0x00002cf0: nop
0x00002cf3: lod R4, R1 (0x30)
0x00002cf8: int 0x00000001
0x00002cfa: inc R4
0x00002cfa: cmp R6, R5, R1
0x00002cfe: jz R6, E10
0x00002cef: mov E10, PC
0x00002cf0: nop
0x00002cf3: lod R4, R1 (0x30)
0x00002cf8: int 0x00000001
0x00002cfa: inc R4
0x00002cfa: cmp R6, R5, R1
0x00002cfe: jz R6, E10
0x00002cef: mov E10, PC
0x00002cf0: nop
0x00002cf3: lod R4, R1 (0x35)
0x00002cf8: int 0x00000001
0x00002cfa: inc R4
0x00002cfa: cmp R6, R5, R1
0x00002cfe: jz R6, E10
0x00002cef: mov E10, PC
0x00002cf0: nop
0x00002cf3: lod R4, R1 (0x00)
0x00002cf8: int 0x00000001
0x00002cfa: inc R4
0x00002cfa: cmp R6, R5, R1
0x00002cfe: jz R6, E10
0x00002d04: dec R4
0x00002d08: mov E6, R4
0x00002d08: jmp E11
0x00000e17: mov R4, E6
0x00000e1e: mov R1, 0x00000b72
0x00000e21: value: 0x00000b70
0x00000e21: lod32 R1, R2
0x00000e25: mov R7, R2
0x00000e28: push R7
0x00000e2f: mov R1, 0x000000ff
0x00000e33: mov R7, R1
0x00000e36: push R7
0x00000e3d: mov R1, 0x00000000
0x00000e41: mov R7, R1
0x00000e44: push R7
0x00000e48: mov E11, PC
0x00000e4f: mov R0, 0x00000018
0x00000e53: add E11, E11, R0
0x00000e56: push E11
0x00000e56: jmp 0x00002cdc
0x00002cdc: value: 0x00000e5c
0x00002cde: pop E11
0x00002cde: value: 0x00000000
0x00002ce0: pop R3
0x00002ce0: value: 0x000000ff
0x00002ce2: pop R2
0x00002ce2: value: 0x00000b70
0x00002ce4: pop R4
0x00002ceb: mov R5, 0x00000000
0x00002cef: mov E10, PC
0x00002cf0: nop
0x00002cf3: lod R4, R1 (0x0a)
0x00002cf8: int 0x00000001
0x00002cfa: inc R4
0x00002cfa: cmp R6, R5, R1
0x00002cfe: jz R6, E10
0x00002cef: mov E10, PC
0x00002cf0: nop
0x00002cf3: lod R4, R1 (0x00)
0x00002cf8: int 0x00000001
0x00002cfa: inc R4
0x00002cfa: cmp R6, R5, R1
0x00002cfe: jz R6, E10
0x00002d04: dec R4
0x00002d08: mov E6, R4
0x00002d08: jmp E11
0x00000e60: mov R4, E6
0x00000e67: mov R1, 0x0000000b
0x00000e6b: mov R7, R1
0x00000e6e: push R7
0x00000e72: mov E11, PC
0x00000e79: mov R0, 0x00000018
0x00000e7d: add E11, E11, R0
0x00000e80: push E11
0x00000e80: jmp 0x000031a5
0x000031a5: value: 0x00000e86
0x000031a7: pop E11
0x000031a7: value: 0x0000000b
0x000031a9: pop R1
0x000031b0: mov R2, 0x000031e7
0x000031b3: value: 0x50505045
0x000031b3: lod32 R2, R3
0x000031b7: add R3, R3, R1
0x000031ba: str32 R2, R3
0x000031ba: jmp E11
0x00000e8a: mov R4, E6
0x00000e8a: value: 0x00001a02
0x00000e8c: pop E11
0x00000e8c: value: 0x6ffeffff
0x00000e8e: pop FP
0x00000e8e: jmp E11
0x00001a06: mov R4, E6
0x00001a0d: mov R1, 0x00001944
0x00001a10: value: 0x00000000
0x00001a10: lod16 R1, R2
0x00001a14: mov R11, R2
0x00001a1b: mov R1, 0x00000000
0x00001a1f: mov R5, R1
0x00001a1f: cmp R11, R11, R5
0x00001a23: jnz R11, 0x00001a31
0x00001a38: mov R1, 0x00001944
0x00001a3c: mov R2, R1
0x00001a40: mov R4, R2
0x00001a47: mov R1, 0x00000001
0x00001a4b: mov R5, R1
0x00001a4e: str16 R4, R5
0x00001a52: mov E11, PC
0x00001a59: mov R0, 0x00000018
0x00001a5d: add E11, E11, R0
0x00001a60: push E11
0x00001a60: jmp 0x00001990
0x00001990: value: 0x00001a66
0x00001992: pop E11
0x00001995: push FP
0x00001998: push E11
0x0000199f: mov R1, 0x00000005
0x000019a3: mov R4, R1
0x000019a3: mov R7, FP - 0x00000000
0x000019af: str16 R7, R4
0x000019b6: mov R1, 0x00001944
0x000019b9: value: 0x00000001
0x000019b9: lod16 R1, R2
0x000019bd: mov R4, R2
0x000019bd: mov R7, FP - 0x00000002
0x000019c9: str16 R7, R4
0x000019c9: mov R1, FP - 0x00000000
0x000019d5: value: 0x00000005
0x000019d5: lod16 R1, R2
0x000019d9: mov R7, R2
0x000019dc: push R7
0x000019e3: mov R1, 0x00000001
0x000019e7: mov R7, R1
0x000019ea: push R7
0x000019ee: mov E11, PC
0x000019f5: mov R0, 0x00000018
0x000019f9: add E11, E11, R0
0x000019fc: push E11
0x000019fc: jmp 0x00000d08
0x00000d08: value: 0x00001a02
0x00000d0a: pop E11
0x00000d0a: value: 0x00000001
0x00000d0c: pop E1
0x00000d0c: value: 0x00000005
0x00000d0e: pop E0
0x00000d11: push FP
0x00000d14: push E11
0x00000d1b: mov R1, 0x00000b64
0x00000d1e: str32 R1, E0
0x00000d25: mov R1, 0x00000b68
0x00000d2f: mov R1, 0x00000b6c
0x00000d32: value: 0x00000b69
0x00000d32: lod32 R1, R2
0x00000d36: mov R7, R2
0x00000d39: push R7
0x00000d40: mov R1, 0x000000ff
0x00000d44: mov R7, R1
0x00000d47: push R7
0x00000d4e: mov R1, 0x00000000
0x00000d52: mov R7, R1
0x00000d55: push R7
0x00000d59: mov E11, PC
0x00000d60: mov R0, 0x00000018
0x00000d64: add E11, E11, R0
0x00000d67: push E11
0x00000d67: jmp 0x00002cdc
0x00002cdc: value: 0x00000d6d
0x00002cde: pop E11
0x00002cde: value: 0x00000000
0x00002ce0: pop R3
0x00002ce0: value: 0x000000ff
0x00002ce2: pop R2
0x00002ce2: value: 0x00000b69
0x00002ce4: pop R4
0x00002ceb: mov R5, 0x00000000
0x00002cef: mov E10, PC
0x00002cf0: nop
0x00002cf3: lod R4, R1 (0x30)
0x00002cf8: int 0x00000001
0x00002cfa: inc R4
0x00002cfa: cmp R6, R5, R1
0x00002cfe: jz R6, E10
0x00002cef: mov E10, PC
0x00002cf0: nop
0x00002cf3: lod R4, R1 (0x78)
0x00002cf8: int 0x00000001
0x00002cfa: inc R4
0x00002cfa: cmp R6, R5, R1
0x00002cfe: jz R6, E10
0x00002cef: mov E10, PC
0x00002cf0: nop
0x00002cf3: lod R4, R1 (0x00)
0x00002cf8: int 0x00000001
0x00002cfa: inc R4
0x00002cfa: cmp R6, R5, R1
0x00002cfe: jz R6, E10
0x00002d04: dec R4
0x00002d08: mov E6, R4
0x00002d08: jmp E11
0x00000d71: mov R4, E6
0x00000d78: mov R1, 0x00000b64
0x00000d7b: value: 0x00000005
0x00000d7b: lod32 R1, R2
0x00000d7f: mov R7, R2
0x00000d82: push R7
0x00000d89: mov R1, 0x00000b68
0x00000d8c: lod R1, R2 (0x01)
0x00000d90: mov R7, R2
0x00000d93: push R7
0x00000d9a: mov R1, 0x0000000b
0x00000d9e: mov R7, R1
0x00000da1: push R7
0x00000da5: mov E11, PC
0x00000dac: mov R0, 0x00000018
0x00000db0: add E11, E11, R0
0x00000db3: push E11
0x00000db3: jmp 0x00003189
0x00003189: value: 0x00000db9
0x0000318b: pop E11
0x0000318b: value: 0x0000000b
0x0000318d: pop R1
0x00003194: mov R2, 0x000031e7
0x00003197: value: 0x50505050
0x00003197: lod32 R2, R3
0x0000319b: mov E6, R3
0x0000319f: sub R3, R3, R1
0x000031a2: str32 R2, R3
0x000031a2: jmp E11
0x00000dbd: mov R7, E6
0x00000dc0: push R7
0x00000dc4: mov E11, PC
0x00000dcb: mov R0, 0x00000018
0x00000dcf: add E11, E11, R0
0x00000dd2: push E11
0x00000dd2: jmp 0x0000310f
0x0000310f: value: 0x00000dd8
0x00003111: pop E11
0x00003111: value: 0x50505050
0x00003113: pop R12
0x00003113: value: 0x00000001
0x00003115: pop R2
0x00003115: value: 0x00000005
0x00003117: pop R1
0x0000311b: mov E12, R12
0x0000311b: jnz R2, 0x00003128
0x0000312f: mov R3, 0x000031bd
0x0000312f: jmp 0x0000313c
0x00003143: mov R4, 0x0000001c
0x0000314a: mov R5, 0x0000000f
0x00003151: mov R6, 0x00000000
0x00003158: mov R8, 0x00000008
0x0000315c: mov E10, PC
0x00003164: and R7, R7, R5
0x00003168: add E7, R3, R7
0x0000316b: lod E7, E8 (0x30)
0x00003170: inc R6
0x00003172: inc R12
0x00003174: dec R4
0x00003176: dec R4
0x00003178: dec R4
0x0000317a: dec R4
0x0000317a: cmp R9, R6, R8
0x0000317e: jz R9, E10
0x0000315c: mov E10, PC
0x00003164: and R7, R7, R5
0x00003168: add E7, R3, R7
0x0000316b: lod E7, E8 (0x30)
0x00003170: inc R6
0x00003172: inc R12
0x00003174: dec R4
0x00003176: dec R4
0x00003178: dec R4
0x0000317a: dec R4
0x0000317a: cmp R9, R6, R8
0x0000317e: jz R9, E10
0x0000315c: mov E10, PC
0x00003164: and R7, R7, R5
0x00003168: add E7, R3, R7
0x0000316b: lod E7, E8 (0x30)
0x00003170: inc R6
0x00003172: inc R12
0x00003174: dec R4
0x00003176: dec R4
0x00003178: dec R4
0x0000317a: dec R4
0x0000317a: cmp R9, R6, R8
0x0000317e: jz R9, E10
0x0000315c: mov E10, PC
0x00003164: and R7, R7, R5
0x00003168: add E7, R3, R7
0x0000316b: lod E7, E8 (0x30)
0x00003170: inc R6
0x00003172: inc R12
0x00003174: dec R4
0x00003176: dec R4
0x00003178: dec R4
0x0000317a: dec R4
0x0000317a: cmp R9, R6, R8
0x0000317e: jz R9, E10
0x0000315c: mov E10, PC
0x00003164: and R7, R7, R5
0x00003168: add E7, R3, R7
0x0000316b: lod E7, E8 (0x30)
0x00003170: inc R6
0x00003172: inc R12
0x00003174: dec R4
0x00003176: dec R4
0x00003178: dec R4
0x0000317a: dec R4
0x0000317a: cmp R9, R6, R8
0x0000317e: jz R9, E10
0x0000315c: mov E10, PC
0x00003164: and R7, R7, R5
0x00003168: add E7, R3, R7
0x0000316b: lod E7, E8 (0x30)
0x00003170: inc R6
0x00003172: inc R12
0x00003174: dec R4
0x00003176: dec R4
0x00003178: dec R4
0x0000317a: dec R4
0x0000317a: cmp R9, R6, R8
0x0000317e: jz R9, E10
0x0000315c: mov E10, PC
0x00003164: and R7, R7, R5
0x00003168: add E7, R3, R7
0x0000316b: lod E7, E8 (0x30)
0x00003170: inc R6
0x00003172: inc R12
0x00003174: dec R4
0x00003176: dec R4
0x00003178: dec R4
0x0000317a: dec R4
0x0000317a: cmp R9, R6, R8
0x0000317e: jz R9, E10
0x0000315c: mov E10, PC
0x00003164: and R7, R7, R5
0x00003168: add E7, R3, R7
0x0000316b: lod E7, E8 (0x35)
0x00003170: inc R6
0x00003172: inc R12
0x00003174: dec R4
0x00003176: dec R4
0x00003178: dec R4
0x0000317a: dec R4
0x0000317a: cmp R9, R6, R8
0x0000317e: jz R9, E10
0x00003186: mov E6, E12
0x00003186: jmp E11
0x00000ddc: mov R7, E6
0x00000ddf: push R7
0x00000de6: mov R1, 0x000000ff
0x00000dea: mov R7, R1
0x00000ded: push R7
0x00000df4: mov R1, 0x00000000
0x00000df8: mov R7, R1
0x00000dfb: push R7
0x00000dff: mov E11, PC
0x00000e06: mov R0, 0x00000018
0x00000e0a: add E11, E11, R0
0x00000e0d: push E11
0x00000e0d: jmp 0x00002cdc
0x00002cdc: value: 0x00000e13
0x00002cde: pop E11
0x00002cde: value: 0x00000000
0x00002ce0: pop R3
0x00002ce0: value: 0x000000ff
0x00002ce2: pop R2
0x00002ce2: value: 0x50505050
0x00002ce4: pop R4
0x00002ceb: mov R5, 0x00000000
0x00002cef: mov E10, PC
0x00002cf0: nop
0x00002cf3: lod R4, R1 (0x30)
0x00002cf8: int 0x00000001
0x00002cfa: inc R4
0x00002cfa: cmp R6, R5, R1
0x00002cfe: jz R6, E10
0x00002cef: mov E10, PC
0x00002cf0: nop
0x00002cf3: lod R4, R1 (0x30)
0x00002cf8: int 0x00000001
0x00002cfa: inc R4
0x00002cfa: cmp R6, R5, R1
0x00002cfe: jz R6, E10
0x00002cef: mov E10, PC
0x00002cf0: nop
0x00002cf3: lod R4, R1 (0x30)
0x00002cf8: int 0x00000001
0x00002cfa: inc R4
0x00002cfa: cmp R6, R5, R1
0x00002cfe: jz R6, E10
0x00002cef: mov E10, PC
0x00002cf0: nop
0x00002cf3: lod R4, R1 (0x30)
0x00002cf8: int 0x00000001
0x00002cfa: inc R4
0x00002cfa: cmp R6, R5, R1
0x00002cfe: jz R6, E10
0x00002cef: mov E10, PC
0x00002cf0: nop
0x00002cf3: lod R4, R1 (0x30)
0x00002cf8: int 0x00000001
0x00002cfa: inc R4
0x00002cfa: cmp R6, R5, R1
0x00002cfe: jz R6, E10
0x00002cef: mov E10, PC
0x00002cf0: nop
0x00002cf3: lod R4, R1 (0x30)
0x00002cf8: int 0x00000001
0x00002cfa: inc R4
0x00002cfa: cmp R6, R5, R1
0x00002cfe: jz R6, E10
0x00002cef: mov E10, PC
0x00002cf0: nop
0x00002cf3: lod R4, R1 (0x30)
0x00002cf8: int 0x00000001
0x00002cfa: inc R4
0x00002cfa: cmp R6, R5, R1
0x00002cfe: jz R6, E10
0x00002cef: mov E10, PC
0x00002cf0: nop
0x00002cf3: lod R4, R1 (0x35)
0x00002cf8: int 0x00000001
0x00002cfa: inc R4
0x00002cfa: cmp R6, R5, R1
0x00002cfe: jz R6, E10
0x00002cef: mov E10, PC
0x00002cf0: nop
0x00002cf3: lod R4, R1 (0x00)
0x00002cf8: int 0x00000001
0x00002cfa: inc R4
0x00002cfa: cmp R6, R5, R1
0x00002cfe: jz R6, E10
0x00002d04: dec R4
0x00002d08: mov E6, R4
0x00002d08: jmp E11
0x00000e17: mov R4, E6
0x00000e1e: mov R1, 0x00000b72
0x00000e21: value: 0x00000b70
0x00000e21: lod32 R1, R2
0x00000e25: mov R7, R2
0x00000e28: push R7
0x00000e2f: mov R1, 0x000000ff
0x00000e33: mov R7, R1
0x00000e36: push R7
0x00000e3d: mov R1, 0x00000000
0x00000e41: mov R7, R1
0x00000e44: push R7
0x00000e48: mov E11, PC
0x00000e4f: mov R0, 0x00000018
0x00000e53: add E11, E11, R0
0x00000e56: push E11
0x00000e56: jmp 0x00002cdc
0x00002cdc: value: 0x00000e5c
0x00002cde: pop E11
0x00002cde: value: 0x00000000
0x00002ce0: pop R3
0x00002ce0: value: 0x000000ff
0x00002ce2: pop R2
0x00002ce2: value: 0x00000b70
0x00002ce4: pop R4
0x00002ceb: mov R5, 0x00000000
0x00002cef: mov E10, PC
0x00002cf0: nop
0x00002cf3: lod R4, R1 (0x0a)
0x00002cf8: int 0x00000001
0x00002cfa: inc R4
0x00002cfa: cmp R6, R5, R1
0x00002cfe: jz R6, E10
0x00002cef: mov E10, PC
0x00002cf0: nop
0x00002cf3: lod R4, R1 (0x00)
0x00002cf8: int 0x00000001
0x00002cfa: inc R4
0x00002cfa: cmp R6, R5, R1
0x00002cfe: jz R6, E10
0x00002d04: dec R4
0x00002d08: mov E6, R4
0x00002d08: jmp E11
0x00000e60: mov R4, E6
0x00000e67: mov R1, 0x0000000b
0x00000e6b: mov R7, R1
0x00000e6e: push R7
0x00000e72: mov E11, PC
0x00000e79: mov R0, 0x00000018
0x00000e7d: add E11, E11, R0
0x00000e80: push E11
0x00000e80: jmp 0x000031a5
0x000031a5: value: 0x00000e86
0x000031a7: pop E11
0x000031a7: value: 0x0000000b
0x000031a9: pop R1
0x000031b0: mov R2, 0x000031e7
0x000031b3: value: 0x50505045
0x000031b3: lod32 R2, R3
0x000031b7: add R3, R3, R1
0x000031ba: str32 R2, R3
0x000031ba: jmp E11
0x00000e8a: mov R4, E6
0x00000e8a: value: 0x00001a02
0x00000e8c: pop E11
0x00000e8c: value: 0x6ffeffff
0x00000e8e: pop FP
0x00000e8e: jmp E11
0x00001a06: mov R4, E6
0x00001a0d: mov R1, 0x00001944
0x00001a10: value: 0x00000001
0x00001a10: lod16 R1, R2
0x00001a14: mov R11, R2
0x00001a1b: mov R1, 0x00000000
0x00001a1f: mov R5, R1
0x00001a1f: cmp R11, R11, R5
0x00001a23: jnz R11, 0x00001a31
0x00001a2a: jz R11, 0x00001a70
0x00001a70: mov R1, FP - 0x00000002
0x00001a7c: value: 0x00000001
0x00001a7c: lod16 R1, R2
0x00001a80: mov R7, R2
0x00001a83: push R7
0x00001a8a: mov R1, 0x00000001
0x00001a8e: mov R7, R1
0x00001a91: push R7
0x00001a95: mov E11, PC
0x00001a9c: mov R0, 0x00000018
0x00001aa0: add E11, E11, R0
0x00001aa3: push E11
0x00001aa3: jmp 0x00000d08
0x00000d08: value: 0x00001aa9
0x00000d0a: pop E11
0x00000d0a: value: 0x00000001
0x00000d0c: pop E1
0x00000d0c: value: 0x00000001
0x00000d0e: pop E0
0x00000d11: push FP
0x00000d14: push E11
0x00000d1b: mov R1, 0x00000b64
0x00000d1e: str32 R1, E0
0x00000d25: mov R1, 0x00000b68
0x00000d2f: mov R1, 0x00000b6c
0x00000d32: value: 0x00000b69
0x00000d32: lod32 R1, R2
0x00000d36: mov R7, R2
0x00000d39: push R7
0x00000d40: mov R1, 0x000000ff
0x00000d44: mov R7, R1
0x00000d47: push R7
0x00000d4e: mov R1, 0x00000000
0x00000d52: mov R7, R1
0x00000d55: push R7
0x00000d59: mov E11, PC
0x00000d60: mov R0, 0x00000018
0x00000d64: add E11, E11, R0
0x00000d67: push E11
0x00000d67: jmp 0x00002cdc
0x00002cdc: value: 0x00000d6d
0x00002cde: pop E11
0x00002cde: value: 0x00000000
0x00002ce0: pop R3
0x00002ce0: value: 0x000000ff
0x00002ce2: pop R2
0x00002ce2: value: 0x00000b69
0x00002ce4: pop R4
0x00002ceb: mov R5, 0x00000000
0x00002cef: mov E10, PC
0x00002cf0: nop
0x00002cf3: lod R4, R1 (0x30)
0x00002cf8: int 0x00000001
0x00002cfa: inc R4
0x00002cfa: cmp R6, R5, R1
0x00002cfe: jz R6, E10
0x00002cef: mov E10, PC
0x00002cf0: nop
0x00002cf3: lod R4, R1 (0x78)
0x00002cf8: int 0x00000001
0x00002cfa: inc R4
0x00002cfa: cmp R6, R5, R1
0x00002cfe: jz R6, E10
0x00002cef: mov E10, PC
0x00002cf0: nop
0x00002cf3: lod R4, R1 (0x00)
0x00002cf8: int 0x00000001
0x00002cfa: inc R4
0x00002cfa: cmp R6, R5, R1
0x00002cfe: jz R6, E10
0x00002d04: dec R4
0x00002d08: mov E6, R4
0x00002d08: jmp E11
0x00000d71: mov R4, E6
0x00000d78: mov R1, 0x00000b64
0x00000d7b: value: 0x00000001
0x00000d7b: lod32 R1, R2
0x00000d7f: mov R7, R2
0x00000d82: push R7
0x00000d89: mov R1, 0x00000b68
0x00000d8c: lod R1, R2 (0x01)
0x00000d90: mov R7, R2
0x00000d93: push R7
0x00000d9a: mov R1, 0x0000000b
0x00000d9e: mov R7, R1
0x00000da1: push R7
0x00000da5: mov E11, PC
0x00000dac: mov R0, 0x00000018
0x00000db0: add E11, E11, R0
0x00000db3: push E11
0x00000db3: jmp 0x00003189
0x00003189: value: 0x00000db9
0x0000318b: pop E11
0x0000318b: value: 0x0000000b
0x0000318d: pop R1
0x00003194: mov R2, 0x000031e7
0x00003197: value: 0x50505050
0x00003197: lod32 R2, R3
0x0000319b: mov E6, R3
0x0000319f: sub R3, R3, R1
0x000031a2: str32 R2, R3
0x000031a2: jmp E11
0x00000dbd: mov R7, E6
0x00000dc0: push R7
0x00000dc4: mov E11, PC
0x00000dcb: mov R0, 0x00000018
0x00000dcf: add E11, E11, R0
0x00000dd2: push E11
0x00000dd2: jmp 0x0000310f
0x0000310f: value: 0x00000dd8
0x00003111: pop E11
0x00003111: value: 0x50505050
0x00003113: pop R12
0x00003113: value: 0x00000001
0x00003115: pop R2
0x00003115: value: 0x00000001
0x00003117: pop R1
0x0000311b: mov E12, R12
0x0000311b: jnz R2, 0x00003128
0x0000312f: mov R3, 0x000031bd
0x0000312f: jmp 0x0000313c
0x00003143: mov R4, 0x0000001c
0x0000314a: mov R5, 0x0000000f
0x00003151: mov R6, 0x00000000
0x00003158: mov R8, 0x00000008
0x0000315c: mov E10, PC
0x00003164: and R7, R7, R5
0x00003168: add E7, R3, R7
0x0000316b: lod E7, E8 (0x30)
0x00003170: inc R6
0x00003172: inc R12
0x00003174: dec R4
0x00003176: dec R4
0x00003178: dec R4
0x0000317a: dec R4
0x0000317a: cmp R9, R6, R8
0x0000317e: jz R9, E10
0x0000315c: mov E10, PC
0x00003164: and R7, R7, R5
0x00003168: add E7, R3, R7
0x0000316b: lod E7, E8 (0x30)
0x00003170: inc R6
0x00003172: inc R12
0x00003174: dec R4
0x00003176: dec R4
0x00003178: dec R4
0x0000317a: dec R4
0x0000317a: cmp R9, R6, R8
0x0000317e: jz R9, E10
0x0000315c: mov E10, PC
0x00003164: and R7, R7, R5
0x00003168: add E7, R3, R7
0x0000316b: lod E7, E8 (0x30)
0x00003170: inc R6
0x00003172: inc R12
0x00003174: dec R4
0x00003176: dec R4
0x00003178: dec R4
0x0000317a: dec R4
0x0000317a: cmp R9, R6, R8
0x0000317e: jz R9, E10
0x0000315c: mov E10, PC
0x00003164: and R7, R7, R5
0x00003168: add E7, R3, R7
0x0000316b: lod E7, E8 (0x30)
0x00003170: inc R6
0x00003172: inc R12
0x00003174: dec R4
0x00003176: dec R4
0x00003178: dec R4
0x0000317a: dec R4
0x0000317a: cmp R9, R6, R8
0x0000317e: jz R9, E10
0x0000315c: mov E10, PC
0x00003164: and R7, R7, R5
0x00003168: add E7, R3, R7
0x0000316b: lod E7, E8 (0x30)
0x00003170: inc R6
0x00003172: inc R12
0x00003174: dec R4
0x00003176: dec R4
0x00003178: dec R4
0x0000317a: dec R4
0x0000317a: cmp R9, R6, R8
0x0000317e: jz R9, E10
0x0000315c: mov E10, PC
0x00003164: and R7, R7, R5
0x00003168: add E7, R3, R7
0x0000316b: lod E7, E8 (0x30)
0x00003170: inc R6
0x00003172: inc R12
0x00003174: dec R4
0x00003176: dec R4
0x00003178: dec R4
0x0000317a: dec R4
0x0000317a: cmp R9, R6, R8
0x0000317e: jz R9, E10
0x0000315c: mov E10, PC
0x00003164: and R7, R7, R5
0x00003168: add E7, R3, R7
0x0000316b: lod E7, E8 (0x30)
0x00003170: inc R6
0x00003172: inc R12
0x00003174: dec R4
0x00003176: dec R4
0x00003178: dec R4
0x0000317a: dec R4
0x0000317a: cmp R9, R6, R8
0x0000317e: jz R9, E10
0x0000315c: mov E10, PC
0x00003164: and R7, R7, R5
0x00003168: add E7, R3, R7
0x0000316b: lod E7, E8 (0x31)
0x00003170: inc R6
0x00003172: inc R12
0x00003174: dec R4
0x00003176: dec R4
0x00003178: dec R4
0x0000317a: dec R4
0x0000317a: cmp R9, R6, R8
0x0000317e: jz R9, E10
0x00003186: mov E6, E12
0x00003186: jmp E11
0x00000ddc: mov R7, E6
0x00000ddf: push R7
0x00000de6: mov R1, 0x000000ff
0x00000dea: mov R7, R1
0x00000ded: push R7
0x00000df4: mov R1, 0x00000000
0x00000df8: mov R7, R1
0x00000dfb: push R7
0x00000dff: mov E11, PC
0x00000e06: mov R0, 0x00000018
0x00000e0a: add E11, E11, R0
0x00000e0d: push E11
0x00000e0d: jmp 0x00002cdc
0x00002cdc: value: 0x00000e13
0x00002cde: pop E11
0x00002cde: value: 0x00000000
0x00002ce0: pop R3
0x00002ce0: value: 0x000000ff
0x00002ce2: pop R2
0x00002ce2: value: 0x50505050
0x00002ce4: pop R4
0x00002ceb: mov R5, 0x00000000
0x00002cef: mov E10, PC
0x00002cf0: nop
0x00002cf3: lod R4, R1 (0x30)
0x00002cf8: int 0x00000001
0x00002cfa: inc R4
0x00002cfa: cmp R6, R5, R1
0x00002cfe: jz R6, E10
0x00002cef: mov E10, PC
0x00002cf0: nop
0x00002cf3: lod R4, R1 (0x30)
0x00002cf8: int 0x00000001
0x00002cfa: inc R4
0x00002cfa: cmp R6, R5, R1
0x00002cfe: jz R6, E10
0x00002cef: mov E10, PC
0x00002cf0: nop
0x00002cf3: lod R4, R1 (0x30)
0x00002cf8: int 0x00000001
0x00002cfa: inc R4
0x00002cfa: cmp R6, R5, R1
0x00002cfe: jz R6, E10
0x00002cef: mov E10, PC
0x00002cf0: nop
0x00002cf3: lod R4, R1 (0x30)
0x00002cf8: int 0x00000001
0x00002cfa: inc R4
0x00002cfa: cmp R6, R5, R1
0x00002cfe: jz R6, E10
0x00002cef: mov E10, PC
0x00002cf0: nop
0x00002cf3: lod R4, R1 (0x30)
0x00002cf8: int 0x00000001
0x00002cfa: inc R4
0x00002cfa: cmp R6, R5, R1
0x00002cfe: jz R6, E10
0x00002cef: mov E10, PC
0x00002cf0: nop
0x00002cf3: lod R4, R1 (0x30)
0x00002cf8: int 0x00000001
0x00002cfa: inc R4
0x00002cfa: cmp R6, R5, R1
0x00002cfe: jz R6, E10
0x00002cef: mov E10, PC
0x00002cf0: nop
0x00002cf3: lod R4, R1 (0x30)
0x00002cf8: int 0x00000001
0x00002cfa: inc R4
0x00002cfa: cmp R6, R5, R1
0x00002cfe: jz R6, E10
0x00002cef: mov E10, PC
0x00002cf0: nop
0x00002cf3: lod R4, R1 (0x31)
0x00002cf8: int 0x00000001
0x00002cfa: inc R4
0x00002cfa: cmp R6, R5, R1
0x00002cfe: jz R6, E10
0x00002cef: mov E10, PC
0x00002cf0: nop
0x00002cf3: lod R4, R1 (0x00)
0x00002cf8: int 0x00000001
0x00002cfa: inc R4
0x00002cfa: cmp R6, R5, R1
0x00002cfe: jz R6, E10
0x00002d04: dec R4
0x00002d08: mov E6, R4
0x00002d08: jmp E11
0x00000e17: mov R4, E6
0x00000e1e: mov R1, 0x00000b72
0x00000e21: value: 0x00000b70
0x00000e21: lod32 R1, R2
0x00000e25: mov R7, R2
0x00000e28: push R7
0x00000e2f: mov R1, 0x000000ff
0x00000e33: mov R7, R1
0x00000e36: push R7
0x00000e3d: mov R1, 0x00000000
0x00000e41: mov R7, R1
0x00000e44: push R7
0x00000e48: mov E11, PC
0x00000e4f: mov R0, 0x00000018
0x00000e53: add E11, E11, R0
0x00000e56: push E11
0x00000e56: jmp 0x00002cdc
0x00002cdc: value: 0x00000e5c
0x00002cde: pop E11
0x00002cde: value: 0x00000000
0x00002ce0: pop R3
0x00002ce0: value: 0x000000ff
0x00002ce2: pop R2
0x00002ce2: value: 0x00000b70
0x00002ce4: pop R4
0x00002ceb: mov R5, 0x00000000
0x00002cef: mov E10, PC
0x00002cf0: nop
0x00002cf3: lod R4, R1 (0x0a)
0x00002cf8: int 0x00000001
0x00002cfa: inc R4
0x00002cfa: cmp R6, R5, R1
0x00002cfe: jz R6, E10
0x00002cef: mov E10, PC
0x00002cf0: nop
0x00002cf3: lod R4, R1 (0x00)
0x00002cf8: int 0x00000001
0x00002cfa: inc R4
0x00002cfa: cmp R6, R5, R1
0x00002cfe: jz R6, E10
0x00002d04: dec R4
0x00002d08: mov E6, R4
0x00002d08: jmp E11
0x00000e60: mov R4, E6
0x00000e67: mov R1, 0x0000000b
0x00000e6b: mov R7, R1
0x00000e6e: push R7
0x00000e72: mov E11, PC
0x00000e79: mov R0, 0x00000018
0x00000e7d: add E11, E11, R0
0x00000e80: push E11
0x00000e80: jmp 0x000031a5
0x000031a5: value: 0x00000e86
0x000031a7: pop E11
0x000031a7: value: 0x0000000b
0x000031a9: pop R1
0x000031b0: mov R2, 0x000031e7
0x000031b3: value: 0x50505045
0x000031b3: lod32 R2, R3
0x000031b7: add R3, R3, R1
0x000031ba: str32 R2, R3
0x000031ba: jmp E11
0x00000e8a: mov R4, E6
0x00000e8a: value: 0x00001aa9
0x00000e8c: pop E11
0x00000e8c: value: 0x6ffeffff
0x00000e8e: pop FP
0x00000e8e: jmp E11
0x00001aad: mov R4, E6
0x00001aad: value: 0x00001a66
0x00001aaf: pop E11
0x00001aaf: value: 0x6ffeffff
0x00001ab1: pop FP
0x00001ab1: jmp E11
0x00001a6a: mov R4, E6
0x00001a6a: jmp 0x00001a70
0x00001a70: mov R1, FP - 0x00000002
0x00001a7c: value: 0x00000001
0x00001a7c: lod16 R1, R2
0x00001a80: mov R7, R2
0x00001a83: push R7
0x00001a8a: mov R1, 0x00000001
0x00001a8e: mov R7, R1
0x00001a91: push R7
0x00001a95: mov E11, PC
0x00001a9c: mov R0, 0x00000018
0x00001aa0: add E11, E11, R0
0x00001aa3: push E11
0x00001aa3: jmp 0x00000d08
0x00000d08: value: 0x00001aa9
0x00000d0a: pop E11
0x00000d0a: value: 0x00000001
0x00000d0c: pop E1
0x00000d0c: value: 0x00000001
0x00000d0e: pop E0
0x00000d11: push FP
0x00000d14: push E11
0x00000d1b: mov R1, 0x00000b64
0x00000d1e: str32 R1, E0
0x00000d25: mov R1, 0x00000b68
0x00000d2f: mov R1, 0x00000b6c
0x00000d32: value: 0x00000b69
0x00000d32: lod32 R1, R2
0x00000d36: mov R7, R2
0x00000d39: push R7
0x00000d40: mov R1, 0x000000ff
0x00000d44: mov R7, R1
0x00000d47: push R7
0x00000d4e: mov R1, 0x00000000
0x00000d52: mov R7, R1
0x00000d55: push R7
0x00000d59: mov E11, PC
0x00000d60: mov R0, 0x00000018
0x00000d64: add E11, E11, R0
0x00000d67: push E11
0x00000d67: jmp 0x00002cdc
0x00002cdc: value: 0x00000d6d
0x00002cde: pop E11
0x00002cde: value: 0x00000000
0x00002ce0: pop R3
0x00002ce0: value: 0x000000ff
0x00002ce2: pop R2
0x00002ce2: value: 0x00000b69
0x00002ce4: pop R4
0x00002ceb: mov R5, 0x00000000
0x00002cef: mov E10, PC
0x00002cf0: nop
0x00002cf3: lod R4, R1 (0x30)
0x00002cf8: int 0x00000001
0x00002cfa: inc R4
0x00002cfa: cmp R6, R5, R1
0x00002cfe: jz R6, E10
0x00002cef: mov E10, PC
0x00002cf0: nop
0x00002cf3: lod R4, R1 (0x78)
0x00002cf8: int 0x00000001
0x00002cfa: inc R4
0x00002cfa: cmp R6, R5, R1
0x00002cfe: jz R6, E10
0x00002cef: mov E10, PC
0x00002cf0: nop
0x00002cf3: lod R4, R1 (0x00)
0x00002cf8: int 0x00000001
0x00002cfa: inc R4
0x00002cfa: cmp R6, R5, R1
0x00002cfe: jz R6, E10
0x00002d04: dec R4
0x00002d08: mov E6, R4
0x00002d08: jmp E11
0x00000d71: mov R4, E6
0x00000d78: mov R1, 0x00000b64
0x00000d7b: value: 0x00000001
0x00000d7b: lod32 R1, R2
0x00000d7f: mov R7, R2
0x00000d82: push R7
0x00000d89: mov R1, 0x00000b68
0x00000d8c: lod R1, R2 (0x01)
0x00000d90: mov R7, R2
0x00000d93: push R7
0x00000d9a: mov R1, 0x0000000b
0x00000d9e: mov R7, R1
0x00000da1: push R7
0x00000da5: mov E11, PC
0x00000dac: mov R0, 0x00000018
0x00000db0: add E11, E11, R0
0x00000db3: push E11
0x00000db3: jmp 0x00003189
0x00003189: value: 0x00000db9
0x0000318b: pop E11
0x0000318b: value: 0x0000000b
0x0000318d: pop R1
0x00003194: mov R2, 0x000031e7
0x00003197: value: 0x50505050
0x00003197: lod32 R2, R3
0x0000319b: mov E6, R3
0x0000319f: sub R3, R3, R1
0x000031a2: str32 R2, R3
0x000031a2: jmp E11
0x00000dbd: mov R7, E6
0x00000dc0: push R7
0x00000dc4: mov E11, PC
0x00000dcb: mov R0, 0x00000018
0x00000dcf: add E11, E11, R0
0x00000dd2: push E11
0x00000dd2: jmp 0x0000310f
0x0000310f: value: 0x00000dd8
0x00003111: pop E11
0x00003111: value: 0x50505050
0x00003113: pop R12
0x00003113: value: 0x00000001
0x00003115: pop R2
0x00003115: value: 0x00000001
0x00003117: pop R1
0x0000311b: mov E12, R12
0x0000311b: jnz R2, 0x00003128
0x0000312f: mov R3, 0x000031bd
0x0000312f: jmp 0x0000313c
0x00003143: mov R4, 0x0000001c
0x0000314a: mov R5, 0x0000000f
0x00003151: mov R6, 0x00000000
0x00003158: mov R8, 0x00000008
0x0000315c: mov E10, PC
0x00003164: and R7, R7, R5
0x00003168: add E7, R3, R7
0x0000316b: lod E7, E8 (0x30)
0x00003170: inc R6
0x00003172: inc R12
0x00003174: dec R4
0x00003176: dec R4
0x00003178: dec R4
0x0000317a: dec R4
0x0000317a: cmp R9, R6, R8
0x0000317e: jz R9, E10
0x0000315c: mov E10, PC
0x00003164: and R7, R7, R5
0x00003168: add E7, R3, R7
0x0000316b: lod E7, E8 (0x30)
0x00003170: inc R6
0x00003172: inc R12
0x00003174: dec R4
0x00003176: dec R4
0x00003178: dec R4
0x0000317a: dec R4
0x0000317a: cmp R9, R6, R8
0x0000317e: jz R9, E10
0x0000315c: mov E10, PC
0x00003164: and R7, R7, R5
0x00003168: add E7, R3, R7
0x0000316b: lod E7, E8 (0x30)
0x00003170: inc R6
0x00003172: inc R12
0x00003174: dec R4
0x00003176: dec R4
0x00003178: dec R4
0x0000317a: dec R4
0x0000317a: cmp R9, R6, R8
0x0000317e: jz R9, E10
0x0000315c: mov E10, PC
0x00003164: and R7, R7, R5
0x00003168: add E7, R3, R7
0x0000316b: lod E7, E8 (0x30)
0x00003170: inc R6
0x00003172: inc R12
0x00003174: dec R4
0x00003176: dec R4
0x00003178: dec R4
0x0000317a: dec R4
0x0000317a: cmp R9, R6, R8
0x0000317e: jz R9, E10
0x0000315c: mov E10, PC
0x00003164: and R7, R7, R5
0x00003168: add E7, R3, R7
0x0000316b: lod E7, E8 (0x30)
0x00003170: inc R6
0x00003172: inc R12
0x00003174: dec R4
0x00003176: dec R4
0x00003178: dec R4
0x0000317a: dec R4
0x0000317a: cmp R9, R6, R8
0x0000317e: jz R9, E10
0x0000315c: mov E10, PC
0x00003164: and R7, R7, R5
0x00003168: add E7, R3, R7
0x0000316b: lod E7, E8 (0x30)
0x00003170: inc R6
0x00003172: inc R12
0x00003174: dec R4
0x00003176: dec R4
0x00003178: dec R4
0x0000317a: dec R4
0x0000317a: cmp R9, R6, R8
0x0000317e: jz R9, E10
0x0000315c: mov E10, PC
0x00003164: and R7, R7, R5
0x00003168: add E7, R3, R7
0x0000316b: lod E7, E8 (0x30)
0x00003170: inc R6
0x00003172: inc R12
0x00003174: dec R4
0x00003176: dec R4
0x00003178: dec R4
0x0000317a: dec R4
0x0000317a: cmp R9, R6, R8
0x0000317e: jz R9, E10
0x0000315c: mov E10, PC
0x00003164: and R7, R7, R5
0x00003168: add E7, R3, R7
0x0000316b: lod E7, E8 (0x31)
0x00003170: inc R6
0x00003172: inc R12
0x00003174: dec R4
0x00003176: dec R4
0x00003178: dec R4
0x0000317a: dec R4
0x0000317a: cmp R9, R6, R8
0x0000317e: jz R9, E10
0x00003186: mov E6, E12
0x00003186: jmp E11
0x00000ddc: mov R7, E6
0x00000ddf: push R7
0x00000de6: mov R1, 0x000000ff
0x00000dea: mov R7, R1
0x00000ded: push R7
0x00000df4: mov R1, 0x00000000
0x00000df8: mov R7, R1
0x00000dfb: push R7
0x00000dff: mov E11, PC
0x00000e06: mov R0, 0x00000018
0x00000e0a: add E11, E11, R0
0x00000e0d: push E11
0x00000e0d: jmp 0x00002cdc
0x00002cdc: value: 0x00000e13
0x00002cde: pop E11
0x00002cde: value: 0x00000000
0x00002ce0: pop R3
0x00002ce0: value: 0x000000ff
0x00002ce2: pop R2
0x00002ce2: value: 0x50505050
0x00002ce4: pop R4
0x00002ceb: mov R5, 0x00000000
0x00002cef: mov E10, PC
0x00002cf0: nop
0x00002cf3: lod R4, R1 (0x30)
0x00002cf8: int 0x00000001
0x00002cfa: inc R4
0x00002cfa: cmp R6, R5, R1
0x00002cfe: jz R6, E10
0x00002cef: mov E10, PC
0x00002cf0: nop
0x00002cf3: lod R4, R1 (0x30)
0x00002cf8: int 0x00000001
0x00002cfa: inc R4
0x00002cfa: cmp R6, R5, R1
0x00002cfe: jz R6, E10
0x00002cef: mov E10, PC
0x00002cf0: nop
0x00002cf3: lod R4, R1 (0x30)
0x00002cf8: int 0x00000001
0x00002cfa: inc R4
0x00002cfa: cmp R6, R5, R1
0x00002cfe: jz R6, E10
0x00002cef: mov E10, PC
0x00002cf0: nop
0x00002cf3: lod R4, R1 (0x30)
0x00002cf8: int 0x00000001
0x00002cfa: inc R4
0x00002cfa: cmp R6, R5, R1
0x00002cfe: jz R6, E10
0x00002cef: mov E10, PC
0x00002cf0: nop
0x00002cf3: lod R4, R1 (0x30)
0x00002cf8: int 0x00000001
0x00002cfa: inc R4
0x00002cfa: cmp R6, R5, R1
0x00002cfe: jz R6, E10
0x00002cef: mov E10, PC
0x00002cf0: nop
0x00002cf3: lod R4, R1 (0x30)
0x00002cf8: int 0x00000001
0x00002cfa: inc R4
0x00002cfa: cmp R6, R5, R1
0x00002cfe: jz R6, E10
0x00002cef: mov E10, PC
0x00002cf0: nop
0x00002cf3: lod R4, R1 (0x30)
0x00002cf8: int 0x00000001
0x00002cfa: inc R4
0x00002cfa: cmp R6, R5, R1
0x00002cfe: jz R6, E10
0x00002cef: mov E10, PC
0x00002cf0: nop
0x00002cf3: lod R4, R1 (0x31)
0x00002cf8: int 0x00000001
0x00002cfa: inc R4
0x00002cfa: cmp R6, R5, R1
0x00002cfe: jz R6, E10
0x00002cef: mov E10, PC
0x00002cf0: nop
0x00002cf3: lod R4, R1 (0x00)
0x00002cf8: int 0x00000001
0x00002cfa: inc R4
0x00002cfa: cmp R6, R5, R1
0x00002cfe: jz R6, E10
0x00002d04: dec R4
0x00002d08: mov E6, R4
0x00002d08: jmp E11
0x00000e17: mov R4, E6
0x00000e1e: mov R1, 0x00000b72
0x00000e21: value: 0x00000b70
0x00000e21: lod32 R1, R2
0x00000e25: mov R7, R2
0x00000e28: push R7
0x00000e2f: mov R1, 0x000000ff
0x00000e33: mov R7, R1
0x00000e36: push R7
0x00000e3d: mov R1, 0x00000000
0x00000e41: mov R7, R1
0x00000e44: push R7
0x00000e48: mov E11, PC
0x00000e4f: mov R0, 0x00000018
0x00000e53: add E11, E11, R0
0x00000e56: push E11
0x00000e56: jmp 0x00002cdc
0x00002cdc: value: 0x00000e5c
0x00002cde: pop E11
0x00002cde: value: 0x00000000
0x00002ce0: pop R3
0x00002ce0: value: 0x000000ff
0x00002ce2: pop R2
0x00002ce2: value: 0x00000b70
0x00002ce4: pop R4
0x00002ceb: mov R5, 0x00000000
0x00002cef: mov E10, PC
0x00002cf0: nop
0x00002cf3: lod R4, R1 (0x0a)
0x00002cf8: int 0x00000001
0x00002cfa: inc R4
0x00002cfa: cmp R6, R5, R1
0x00002cfe: jz R6, E10
0x00002cef: mov E10, PC
0x00002cf0: nop
0x00002cf3: lod R4, R1 (0x00)
0x00002cf8: int 0x00000001
0x00002cfa: inc R4
0x00002cfa: cmp R6, R5, R1
0x00002cfe: jz R6, E10
0x00002d04: dec R4
0x00002d08: mov E6, R4
0x00002d08: jmp E11
0x00000e60: mov R4, E6
0x00000e67: mov R1, 0x0000000b
0x00000e6b: mov R7, R1
0x00000e6e: push R7
0x00000e72: mov E11, PC
0x00000e79: mov R0, 0x00000018
0x00000e7d: add E11, E11, R0
0x00000e80: push E11
0x00000e80: jmp 0x000031a5
0x000031a5: value: 0x00000e86
0x000031a7: pop E11
0x000031a7: value: 0x0000000b
0x000031a9: pop R1
0x000031b0: mov R2, 0x000031e7
0x000031b3: value: 0x50505045
0x000031b3: lod32 R2, R3
0x000031b7: add R3, R3, R1
0x000031ba: str32 R2, R3
0x000031ba: jmp E11
0x00000e8a: mov R4, E6
0x00000e8a: value: 0x00001aa9
0x00000e8c: pop E11
0x00000e8c: value: 0x6ffeffff
0x00000e8e: pop FP
0x00000e8e: jmp E11
0x00001aad: mov R4, E6
0x00001aad: value: 0x00001ad7
0x00001aaf: pop E11
0x00001aaf: value: 0x6ffeffff
0x00001ab1: pop FP
0x00001ab1: jmp E11
0x00001adb: mov R4, E6
0x00001ae2: mov R1, 0x00001956
0x00001ae5: value: 0x00001946
0x00001ae5: lod32 R1, R2
0x00001ae9: mov R7, R2
0x00001aec: push R7
0x00001af3: mov R1, 0x00000000
0x00001af7: mov R7, R1
0x00001afa: push R7
0x00001afe: mov E11, PC
0x00001b05: mov R0, 0x00000018
0x00001b09: add E11, E11, R0
0x00001b0c: push E11
0x00001b0c: jmp 0x00003e58
0x00003e58: value: 0x00001b12
0x00003e5a: pop E11
0x00003e5a: value: 0x00000000
0x00003e5c: pop E1
0x00003e5c: value: 0x00001946
0x00003e5e: pop E0
0x00003e61: push FP
0x00003e64: push E11
0x00003e6b: mov R1, 0x0000320d
0x00003e6e: str32 R1, E0
0x00003e75: mov R1, 0x00003211
0x00003e7f: mov R1, 0x0000320d
0x00003e82: value: 0x00001946
0x00003e82: lod32 R1, R2
0x00003e86: mov R7, R2
0x00003e89: push R7
0x00003e8d: mov E11, PC
0x00003e94: mov R0, 0x00000018
0x00003e98: add E11, E11, R0
0x00003e9b: push E11
0x00003e9b: jmp 0x00003bde
0x00003bde: value: 0x00003ea1
0x00003be0: pop E11
0x00003be0: value: 0x00001946
0x00003be2: pop E0
0x00003be5: push FP
0x00003be8: push E11
0x00003bef: mov R1, 0x00003209
0x00003bf2: str32 R1, E0
0x00003bf9: mov R1, 0x00000618
0x00003bfd: mov R4, R1
0x00003c01: mov R2, R1
0x00003c05: mov R4, R2
0x00003c05: mov R7, FP - 0x0000002c
0x00003c11: str32 R7, R4
0x00003c11: mov R1, FP - 0x0000002c
0x00003c1d: value: 0x00000618
0x00003c1d: lod32 R1, R2
0x00003c20: value: 0x00067c00
0x00003c20: lod32 R2, R2
0x00003c24: mov R4, R2
0x00003c24: mov R7, FP - 0x00000030
0x00003c30: str32 R7, R4
0x00003c37: mov R1, 0x00000001
0x00003c3b: mov R11, R1
0x00003c3b: jnz R11, 0x00003c48
0x00003c48: mov R1, FP - 0x00000030
0x00003c54: value: 0x00067c00
0x00003c54: lod32 R1, R2
0x00003c57: value: 0x00000000
0x00003c57: lod32 R2, R2
0x00003c5b: mov R11, R2
0x00003c62: mov R1, 0x4c465346
0x00003c66: mov R5, R1
0x00003c66: cmp R11, R11, R5
0x00003c6a: jz R11, 0x00003c78
0x00003c78: jmp 0x00003e3f
0x00003e46: mov R1, 0x00000000
0x00003e4a: mov E6, R1
0x00003e4a: value: 0x00003ea1
0x00003e4c: pop E11
0x00003e4c: value: 0x6ffeffff
0x00003e4e: pop FP
0x00003e4e: jmp E11
0x00003ea5: mov R4, E6
0x00003ea5: mov R7, FP - 0x00000038
0x00003eb1: str32 R7, R4
0x00003eb1: mov R1, FP - 0x00000038
0x00003ebd: value: 0x00000000
0x00003ebd: lod32 R1, R2
0x00003ec1: mov R11, R2
0x00003ec8: mov R1, 0x00000000
0x00003ecc: mov R5, R1
0x00003ecc: cmp R11, R11, R5
0x00003ed0: jnz R11, 0x00003ede
0x00003ee5: mov R1, 0x00003211
0x00003ee8: lod R1, R2 (0x00)
0x00003eec: mov R11, R2
0x00003eec: jnz R11, 0x00003efa
0x00003ef3: jz R11, 0x00004010
0x00004010: jmp 0x00004016
0x0000401d: mov R1, 0x00003212
0x00004024: mov E8, 0x00000000
0x00004028: add R1, R1, E8
0x0000402c: mov R2, R1
0x00004030: mov R4, R2
0x00004030: mov R1, FP - 0x00000038
0x0000403c: value: 0x00000000
0x0000403c: lod32 R1, R2
0x00004040: mov R5, R2
0x00004043: str32 R4, R5
0x0000404a: mov R1, 0x00003212
0x00004051: mov E8, 0x00000004
0x00004055: add R1, R1, E8
0x00004059: mov R2, R1
0x0000405d: mov R4, R2
0x00004064: mov R1, 0x0000320d
0x00004067: value: 0x00001946
0x00004067: lod32 R1, R2
0x0000406b: mov R7, R2
0x0000406e: push R7
0x00004072: mov E11, PC
0x00004079: mov R0, 0x00000018
0x0000407d: add E11, E11, R0
0x00004080: push E11
0x00004080: jmp 0x00003251
0x00003251: value: 0x00004086
0x00003253: pop E11
0x00003253: value: 0x00001946
0x00003255: pop E0
0x00003258: push FP
0x0000325b: push E11
0x00003262: mov R1, 0x000031f7
0x00003265: str32 R1, E0
0x0000326c: mov R1, 0x000031f7
0x0000326f: value: 0x00001946
0x0000326f: lod32 R1, R2
0x00003273: mov R7, R2
0x00003276: push R7
0x0000327a: mov E11, PC
0x00003281: mov R0, 0x00000018
0x00003285: add E11, E11, R0
0x00003288: push E11
0x00003288: jmp 0x00002c73
0x00002c73: value: 0x0000328e
0x00002c75: pop E11
0x00002c75: value: 0x00001946
0x00002c77: pop R1
0x00002c7e: mov R2, 0x00000000
0x00002c85: mov E6, 0x00000000
0x00002c89: mov E10, PC
0x00002c8a: nop
0x00002c8d: lod R1, R3 (0x4e)
0x00002c8f: inc R1
0x00002c91: inc E6
0x00002c91: cmp R5, R3, R2
0x00002c95: jz R5, E10
0x00002c89: mov E10, PC
0x00002c8a: nop
0x00002c8d: lod R1, R3 (0x4f)
0x00002c8f: inc R1
0x00002c91: inc E6
0x00002c91: cmp R5, R3, R2
0x00002c95: jz R5, E10
0x00002c89: mov E10, PC
0x00002c8a: nop
0x00002c8d: lod R1, R3 (0x54)
0x00002c8f: inc R1
0x00002c91: inc E6
0x00002c91: cmp R5, R3, R2
0x00002c95: jz R5, E10
0x00002c89: mov E10, PC
0x00002c8a: nop
0x00002c8d: lod R1, R3 (0x45)
0x00002c8f: inc R1
0x00002c91: inc E6
0x00002c91: cmp R5, R3, R2
0x00002c95: jz R5, E10
0x00002c89: mov E10, PC
0x00002c8a: nop
0x00002c8d: lod R1, R3 (0x50)
0x00002c8f: inc R1
0x00002c91: inc E6
0x00002c91: cmp R5, R3, R2
0x00002c95: jz R5, E10
0x00002c89: mov E10, PC
0x00002c8a: nop
0x00002c8d: lod R1, R3 (0x41)
0x00002c8f: inc R1
0x00002c91: inc E6
0x00002c91: cmp R5, R3, R2
0x00002c95: jz R5, E10
0x00002c89: mov E10, PC
0x00002c8a: nop
0x00002c8d: lod R1, R3 (0x44)
0x00002c8f: inc R1
0x00002c91: inc E6
0x00002c91: cmp R5, R3, R2
0x00002c95: jz R5, E10
0x00002c89: mov E10, PC
0x00002c8a: nop
0x00002c8d: lod R1, R3 (0x20)
0x00002c8f: inc R1
0x00002c91: inc E6
0x00002c91: cmp R5, R3, R2
0x00002c95: jz R5, E10
0x00002c89: mov E10, PC
0x00002c8a: nop
0x00002c8d: lod R1, R3 (0x20)
0x00002c8f: inc R1
0x00002c91: inc E6
0x00002c91: cmp R5, R3, R2
0x00002c95: jz R5, E10
0x00002c89: mov E10, PC
0x00002c8a: nop
0x00002c8d: lod R1, R3 (0x20)
0x00002c8f: inc R1
0x00002c91: inc E6
0x00002c91: cmp R5, R3, R2
0x00002c95: jz R5, E10
0x00002c89: mov E10, PC
0x00002c8a: nop
0x00002c8d: lod R1, R3 (0x20)
0x00002c8f: inc R1
0x00002c91: inc E6
0x00002c91: cmp R5, R3, R2
0x00002c95: jz R5, E10
0x00002c89: mov E10, PC
0x00002c8a: nop
0x00002c8d: lod R1, R3 (0x20)
0x00002c8f: inc R1
0x00002c91: inc E6
0x00002c91: cmp R5, R3, R2
0x00002c95: jz R5, E10
0x00002c89: mov E10, PC
0x00002c8a: nop
0x00002c8d: lod R1, R3 (0x53)
0x00002c8f: inc R1
0x00002c91: inc E6
0x00002c91: cmp R5, R3, R2
0x00002c95: jz R5, E10
0x00002c89: mov E10, PC
0x00002c8a: nop
0x00002c8d: lod R1, R3 (0x59)
0x00002c8f: inc R1
0x00002c91: inc E6
0x00002c91: cmp R5, R3, R2
0x00002c95: jz R5, E10
0x00002c89: mov E10, PC
0x00002c8a: nop
0x00002c8d: lod R1, R3 (0x53)
0x00002c8f: inc R1
0x00002c91: inc E6
0x00002c91: cmp R5, R3, R2
0x00002c95: jz R5, E10
0x00002c89: mov E10, PC
0x00002c8a: nop
0x00002c8d: lod R1, R3 (0x00)
0x00002c8f: inc R1
0x00002c91: inc E6
0x00002c91: cmp R5, R3, R2
0x00002c95: jz R5, E10
0x00002c99: jmp E11
0x00003292: mov R7, E6
0x00003295: push R7
0x00003299: mov E11, PC
0x000032a0: mov R0, 0x00000018
0x000032a4: add E11, E11, R0
0x000032a7: push E11
0x000032a7: jmp 0x00003189
0x00003189: value: 0x000032ad
0x0000318b: pop E11
0x0000318b: value: 0x00000010
0x0000318d: pop R1
0x00003194: mov R2, 0x000031e7
0x00003197: value: 0x50505050
0x00003197: lod32 R2, R3
0x0000319b: mov E6, R3
0x0000319f: sub R3, R3, R1
0x000031a2: str32 R2, R3
0x000031a2: jmp E11
0x000032b1: mov R4, E6
0x000032b1: mov R7, FP - 0x00000000
0x000032bd: str32 R7, R4
0x000032bd: mov R1, FP - 0x00000000
0x000032c9: value: 0x50505050
0x000032c9: lod32 R1, R2
0x000032cd: mov R4, R2
0x000032cd: mov R7, FP - 0x00000004
0x000032d9: str32 R7, R4
0x000032e0: mov R1, 0x00000000
0x000032e4: mov R4, R1
0x000032eb: mov R7, 0x000031fb
0x000032f5: mov R1, 0x000031f7
0x000032f8: value: 0x00001946
0x000032f8: lod32 R1, R2
0x000032fb: lod R2, R2 (0x4e)
0x000032ff: mov R11, R2
0x00003306: mov R1, 0x00000000
0x0000330a: mov R5, R1
0x0000330a: cmp R11, R11, R5
0x0000330e: jz R11, 0x0000331b
0x00003322: mov R1, 0x000031f7
0x00003325: value: 0x00001946
0x00003325: lod32 R1, R2
0x00003328: lod R2, R2 (0x4e)
0x0000332c: mov R11, R2
0x00003333: mov R1, 0x00000020
0x00003337: mov R5, R1
0x00003337: cmp R11, R11, R5
0x0000333b: jz R11, 0x00003349
0x00003350: mov R1, 0x000031f7
0x00003353: value: 0x00001946
0x00003353: lod32 R1, R2
0x00003356: lod R2, R2 (0x4e)
0x0000335a: mov R7, R2
0x0000335d: push R7
0x0000335d: mov R1, FP - 0x00000000
0x00003369: value: 0x50505050
0x00003369: lod32 R1, R2
0x0000336d: mov R7, R2
0x00003370: push R7
0x00003374: mov E11, PC
0x0000337b: mov R0, 0x00000018
0x0000337f: add E11, E11, R0
0x00003382: push E11
0x00003382: jmp 0x00002c9c
0x00002c9c: value: 0x00003388
0x00002c9e: pop E11
0x00002c9e: value: 0x50505050
0x00002ca0: pop R2
0x00002ca0: value: 0x0000004e
0x00002ca2: pop R1
0x00002ca5: jmp E11
0x0000338c: mov R4, E6
0x0000338c: mov R1, FP - 0x00000000
0x00003399: mov R2, R1
0x0000339d: mov R4, R2
0x0000339d: mov R1, FP - 0x00000000
0x000033a9: value: 0x50505050
0x000033a9: lod32 R1, R2
0x000033ad: mov R0, R2
0x000033b1: mov R3, R4
0x000033b5: mov R4, R0
0x000033b9: mov R5, R0
0x000033bb: inc R0
0x000033be: str32 R3, R0
0x000033be: jmp 0x00003481
0x00003488: mov R1, 0x000031f7
0x0000348c: mov R2, R1
0x00003490: mov R4, R2
0x00003497: mov R1, 0x000031f7
0x0000349a: value: 0x00001946
0x0000349a: lod32 R1, R2
0x0000349e: mov R0, R2
0x000034a2: mov R3, R4
0x000034a6: mov R4, R0
0x000034aa: mov R5, R0
0x000034ac: inc R0
0x000034af: str32 R3, R0
0x000034af: jmp 0x000032ee
0x000032f5: mov R1, 0x000031f7
0x000032f8: value: 0x00001947
0x000032f8: lod32 R1, R2
0x000032fb: lod R2, R2 (0x4f)
0x000032ff: mov R11, R2
0x00003306: mov R1, 0x00000000
0x0000330a: mov R5, R1
0x0000330a: cmp R11, R11, R5
0x0000330e: jz R11, 0x0000331b
0x00003322: mov R1, 0x000031f7
0x00003325: value: 0x00001947
0x00003325: lod32 R1, R2
0x00003328: lod R2, R2 (0x4f)
0x0000332c: mov R11, R2
0x00003333: mov R1, 0x00000020
0x00003337: mov R5, R1
0x00003337: cmp R11, R11, R5
0x0000333b: jz R11, 0x00003349
0x00003350: mov R1, 0x000031f7
0x00003353: value: 0x00001947
0x00003353: lod32 R1, R2
0x00003356: lod R2, R2 (0x4f)
0x0000335a: mov R7, R2
0x0000335d: push R7
0x0000335d: mov R1, FP - 0x00000000
0x00003369: value: 0x50505051
0x00003369: lod32 R1, R2
0x0000336d: mov R7, R2
0x00003370: push R7
0x00003374: mov E11, PC
0x0000337b: mov R0, 0x00000018
0x0000337f: add E11, E11, R0
0x00003382: push E11
0x00003382: jmp 0x00002c9c
0x00002c9c: value: 0x00003388
0x00002c9e: pop E11
0x00002c9e: value: 0x50505051
0x00002ca0: pop R2
0x00002ca0: value: 0x0000004f
0x00002ca2: pop R1
0x00002ca5: jmp E11
0x0000338c: mov R4, E6
0x0000338c: mov R1, FP - 0x00000000
0x00003399: mov R2, R1
0x0000339d: mov R4, R2
0x0000339d: mov R1, FP - 0x00000000
0x000033a9: value: 0x50505051
0x000033a9: lod32 R1, R2
0x000033ad: mov R0, R2
0x000033b1: mov R3, R4
0x000033b5: mov R4, R0
0x000033b9: mov R5, R0
0x000033bb: inc R0
0x000033be: str32 R3, R0
0x000033be: jmp 0x00003481
0x00003488: mov R1, 0x000031f7
0x0000348c: mov R2, R1
0x00003490: mov R4, R2
0x00003497: mov R1, 0x000031f7
0x0000349a: value: 0x00001947
0x0000349a: lod32 R1, R2
0x0000349e: mov R0, R2
0x000034a2: mov R3, R4
0x000034a6: mov R4, R0
0x000034aa: mov R5, R0
0x000034ac: inc R0
0x000034af: str32 R3, R0
0x000034af: jmp 0x000032ee
0x000032f5: mov R1, 0x000031f7
0x000032f8: value: 0x00001948
0x000032f8: lod32 R1, R2
0x000032fb: lod R2, R2 (0x54)
0x000032ff: mov R11, R2
0x00003306: mov R1, 0x00000000
0x0000330a: mov R5, R1
0x0000330a: cmp R11, R11, R5
0x0000330e: jz R11, 0x0000331b
0x00003322: mov R1, 0x000031f7
0x00003325: value: 0x00001948
0x00003325: lod32 R1, R2
0x00003328: lod R2, R2 (0x54)
0x0000332c: mov R11, R2
0x00003333: mov R1, 0x00000020
0x00003337: mov R5, R1
0x00003337: cmp R11, R11, R5
0x0000333b: jz R11, 0x00003349
0x00003350: mov R1, 0x000031f7
0x00003353: value: 0x00001948
0x00003353: lod32 R1, R2
0x00003356: lod R2, R2 (0x54)
0x0000335a: mov R7, R2
0x0000335d: push R7
0x0000335d: mov R1, FP - 0x00000000
0x00003369: value: 0x50505052
0x00003369: lod32 R1, R2
0x0000336d: mov R7, R2
0x00003370: push R7
0x00003374: mov E11, PC
0x0000337b: mov R0, 0x00000018
0x0000337f: add E11, E11, R0
0x00003382: push E11
0x00003382: jmp 0x00002c9c
0x00002c9c: value: 0x00003388
0x00002c9e: pop E11
0x00002c9e: value: 0x50505052
0x00002ca0: pop R2
0x00002ca0: value: 0x00000054
0x00002ca2: pop R1
0x00002ca5: jmp E11
0x0000338c: mov R4, E6
0x0000338c: mov R1, FP - 0x00000000
0x00003399: mov R2, R1
0x0000339d: mov R4, R2
0x0000339d: mov R1, FP - 0x00000000
0x000033a9: value: 0x50505052
0x000033a9: lod32 R1, R2
0x000033ad: mov R0, R2
0x000033b1: mov R3, R4
0x000033b5: mov R4, R0
0x000033b9: mov R5, R0
0x000033bb: inc R0
0x000033be: str32 R3, R0
0x000033be: jmp 0x00003481
0x00003488: mov R1, 0x000031f7
0x0000348c: mov R2, R1
0x00003490: mov R4, R2
0x00003497: mov R1, 0x000031f7
0x0000349a: value: 0x00001948
0x0000349a: lod32 R1, R2
0x0000349e: mov R0, R2
0x000034a2: mov R3, R4
0x000034a6: mov R4, R0
0x000034aa: mov R5, R0
0x000034ac: inc R0
0x000034af: str32 R3, R0
0x000034af: jmp 0x000032ee
0x000032f5: mov R1, 0x000031f7
0x000032f8: value: 0x00001949
0x000032f8: lod32 R1, R2
0x000032fb: lod R2, R2 (0x45)
0x000032ff: mov R11, R2
0x00003306: mov R1, 0x00000000
0x0000330a: mov R5, R1
0x0000330a: cmp R11, R11, R5
0x0000330e: jz R11, 0x0000331b
0x00003322: mov R1, 0x000031f7
0x00003325: value: 0x00001949
0x00003325: lod32 R1, R2
0x00003328: lod R2, R2 (0x45)
0x0000332c: mov R11, R2
0x00003333: mov R1, 0x00000020
0x00003337: mov R5, R1
0x00003337: cmp R11, R11, R5
0x0000333b: jz R11, 0x00003349
0x00003350: mov R1, 0x000031f7
0x00003353: value: 0x00001949
0x00003353: lod32 R1, R2
0x00003356: lod R2, R2 (0x45)
0x0000335a: mov R7, R2
0x0000335d: push R7
0x0000335d: mov R1, FP - 0x00000000
0x00003369: value: 0x50505053
0x00003369: lod32 R1, R2
0x0000336d: mov R7, R2
0x00003370: push R7
0x00003374: mov E11, PC
0x0000337b: mov R0, 0x00000018
0x0000337f: add E11, E11, R0
0x00003382: push E11
0x00003382: jmp 0x00002c9c
0x00002c9c: value: 0x00003388
0x00002c9e: pop E11
0x00002c9e: value: 0x50505053
0x00002ca0: pop R2
0x00002ca0: value: 0x00000045
0x00002ca2: pop R1
0x00002ca5: jmp E11
0x0000338c: mov R4, E6
0x0000338c: mov R1, FP - 0x00000000
0x00003399: mov R2, R1
0x0000339d: mov R4, R2
0x0000339d: mov R1, FP - 0x00000000
0x000033a9: value: 0x50505053
0x000033a9: lod32 R1, R2
0x000033ad: mov R0, R2
0x000033b1: mov R3, R4
0x000033b5: mov R4, R0
0x000033b9: mov R5, R0
0x000033bb: inc R0
0x000033be: str32 R3, R0
0x000033be: jmp 0x00003481
0x00003488: mov R1, 0x000031f7
0x0000348c: mov R2, R1
0x00003490: mov R4, R2
0x00003497: mov R1, 0x000031f7
0x0000349a: value: 0x00001949
0x0000349a: lod32 R1, R2
0x0000349e: mov R0, R2
0x000034a2: mov R3, R4
0x000034a6: mov R4, R0
0x000034aa: mov R5, R0
0x000034ac: inc R0
0x000034af: str32 R3, R0
0x000034af: jmp 0x000032ee
0x000032f5: mov R1, 0x000031f7
0x000032f8: value: 0x0000194a
0x000032f8: lod32 R1, R2
0x000032fb: lod R2, R2 (0x50)
0x000032ff: mov R11, R2
0x00003306: mov R1, 0x00000000
0x0000330a: mov R5, R1
0x0000330a: cmp R11, R11, R5
0x0000330e: jz R11, 0x0000331b
0x00003322: mov R1, 0x000031f7
0x00003325: value: 0x0000194a
0x00003325: lod32 R1, R2
0x00003328: lod R2, R2 (0x50)
0x0000332c: mov R11, R2
0x00003333: mov R1, 0x00000020
0x00003337: mov R5, R1
0x00003337: cmp R11, R11, R5
0x0000333b: jz R11, 0x00003349
0x00003350: mov R1, 0x000031f7
0x00003353: value: 0x0000194a
0x00003353: lod32 R1, R2
0x00003356: lod R2, R2 (0x50)
0x0000335a: mov R7, R2
0x0000335d: push R7
0x0000335d: mov R1, FP - 0x00000000
0x00003369: value: 0x50505054
0x00003369: lod32 R1, R2
0x0000336d: mov R7, R2
0x00003370: push R7
0x00003374: mov E11, PC
0x0000337b: mov R0, 0x00000018
0x0000337f: add E11, E11, R0
0x00003382: push E11
0x00003382: jmp 0x00002c9c
0x00002c9c: value: 0x00003388
0x00002c9e: pop E11
0x00002c9e: value: 0x50505054
0x00002ca0: pop R2
0x00002ca0: value: 0x00000050
0x00002ca2: pop R1
0x00002ca5: jmp E11
0x0000338c: mov R4, E6
0x0000338c: mov R1, FP - 0x00000000
0x00003399: mov R2, R1
0x0000339d: mov R4, R2
0x0000339d: mov R1, FP - 0x00000000
0x000033a9: value: 0x50505054
0x000033a9: lod32 R1, R2
0x000033ad: mov R0, R2
0x000033b1: mov R3, R4
0x000033b5: mov R4, R0
0x000033b9: mov R5, R0
0x000033bb: inc R0
0x000033be: str32 R3, R0
0x000033be: jmp 0x00003481
0x00003488: mov R1, 0x000031f7
0x0000348c: mov R2, R1
0x00003490: mov R4, R2
0x00003497: mov R1, 0x000031f7
0x0000349a: value: 0x0000194a
0x0000349a: lod32 R1, R2
0x0000349e: mov R0, R2
0x000034a2: mov R3, R4
0x000034a6: mov R4, R0
0x000034aa: mov R5, R0
0x000034ac: inc R0
0x000034af: str32 R3, R0
0x000034af: jmp 0x000032ee
0x000032f5: mov R1, 0x000031f7
0x000032f8: value: 0x0000194b
0x000032f8: lod32 R1, R2
0x000032fb: lod R2, R2 (0x41)
0x000032ff: mov R11, R2
0x00003306: mov R1, 0x00000000
0x0000330a: mov R5, R1
0x0000330a: cmp R11, R11, R5
0x0000330e: jz R11, 0x0000331b
0x00003322: mov R1, 0x000031f7
0x00003325: value: 0x0000194b
0x00003325: lod32 R1, R2
0x00003328: lod R2, R2 (0x41)
0x0000332c: mov R11, R2
0x00003333: mov R1, 0x00000020
0x00003337: mov R5, R1
0x00003337: cmp R11, R11, R5
0x0000333b: jz R11, 0x00003349
0x00003350: mov R1, 0x000031f7
0x00003353: value: 0x0000194b
0x00003353: lod32 R1, R2
0x00003356: lod R2, R2 (0x41)
0x0000335a: mov R7, R2
0x0000335d: push R7
0x0000335d: mov R1, FP - 0x00000000
0x00003369: value: 0x50505055
0x00003369: lod32 R1, R2
0x0000336d: mov R7, R2
0x00003370: push R7
0x00003374: mov E11, PC
0x0000337b: mov R0, 0x00000018
0x0000337f: add E11, E11, R0
0x00003382: push E11
0x00003382: jmp 0x00002c9c
0x00002c9c: value: 0x00003388
0x00002c9e: pop E11
0x00002c9e: value: 0x50505055
0x00002ca0: pop R2
0x00002ca0: value: 0x00000041
0x00002ca2: pop R1
0x00002ca5: jmp E11
0x0000338c: mov R4, E6
0x0000338c: mov R1, FP - 0x00000000
0x00003399: mov R2, R1
0x0000339d: mov R4, R2
0x0000339d: mov R1, FP - 0x00000000
0x000033a9: value: 0x50505055
0x000033a9: lod32 R1, R2
0x000033ad: mov R0, R2
0x000033b1: mov R3, R4
0x000033b5: mov R4, R0
0x000033b9: mov R5, R0
0x000033bb: inc R0
0x000033be: str32 R3, R0
0x000033be: jmp 0x00003481
0x00003488: mov R1, 0x000031f7
0x0000348c: mov R2, R1
0x00003490: mov R4, R2
0x00003497: mov R1, 0x000031f7
0x0000349a: value: 0x0000194b
0x0000349a: lod32 R1, R2
0x0000349e: mov R0, R2
0x000034a2: mov R3, R4
0x000034a6: mov R4, R0
0x000034aa: mov R5, R0
0x000034ac: inc R0
0x000034af: str32 R3, R0
0x000034af: jmp 0x000032ee
0x000032f5: mov R1, 0x000031f7
0x000032f8: value: 0x0000194c
0x000032f8: lod32 R1, R2
0x000032fb: lod R2, R2 (0x44)
0x000032ff: mov R11, R2
0x00003306: mov R1, 0x00000000
0x0000330a: mov R5, R1
0x0000330a: cmp R11, R11, R5
0x0000330e: jz R11, 0x0000331b
0x00003322: mov R1, 0x000031f7
0x00003325: value: 0x0000194c
0x00003325: lod32 R1, R2
0x00003328: lod R2, R2 (0x44)
0x0000332c: mov R11, R2
0x00003333: mov R1, 0x00000020
0x00003337: mov R5, R1
0x00003337: cmp R11, R11, R5
0x0000333b: jz R11, 0x00003349
0x00003350: mov R1, 0x000031f7
0x00003353: value: 0x0000194c
0x00003353: lod32 R1, R2
0x00003356: lod R2, R2 (0x44)
0x0000335a: mov R7, R2
0x0000335d: push R7
0x0000335d: mov R1, FP - 0x00000000
0x00003369: value: 0x50505056
0x00003369: lod32 R1, R2
0x0000336d: mov R7, R2
0x00003370: push R7
0x00003374: mov E11, PC
0x0000337b: mov R0, 0x00000018
0x0000337f: add E11, E11, R0
0x00003382: push E11
0x00003382: jmp 0x00002c9c
0x00002c9c: value: 0x00003388
0x00002c9e: pop E11
0x00002c9e: value: 0x50505056
0x00002ca0: pop R2
0x00002ca0: value: 0x00000044
0x00002ca2: pop R1
0x00002ca5: jmp E11
0x0000338c: mov R4, E6
0x0000338c: mov R1, FP - 0x00000000
0x00003399: mov R2, R1
0x0000339d: mov R4, R2
0x0000339d: mov R1, FP - 0x00000000
-- SPINLOCK FROM HERE ON OUT--